---
source: tests/errors.rs
expression: err
---
Error during execution of `cargo metadata`:     Updating crates.io index
error: failed to select a version for the requirement `clap = "^0.3.8"`
candidate versions found which didn't match: 2.33.3, 2.33.2, 2.33.1, ...
location searched: crates.io index
required by package `errors v0.1.0 (/Users/pksunkara/Coding/pksunkara/cargo-up/fixtures/bad_metadata/on)`


