---
source: tests/errors.rs
expression: err
---
error: unable to find crate notfound in your dependencies

