---
source: tests/hook.rs
expression: err
---


Pre loading upgradee ... done

