---
source: tests/utils.rs
expression: file_content
---
fn main() {}

