---
source: tests/init.rs
expression: err
---


Can't upgrade from 0.4.0

