---
source: tests/minimum_version.rs
expression: out
---
{
    "src/main.rs": TextEdit {
        indels: [],
    },
}

