---
source: tests/minimum_version.rs
expression: err
---


error: minimum version of `upgradee` that should be upgraded from is 0.2.0

