---
source: tests/no_version.rs
expression: err
---

