---
source: tests/no_version.rs
expression: out
---
Upgrader for crate upgradee has not described any changes for 0.2.1 version
