---
source: tests/utils.rs
expression: file_content
---
use upgradee::Struct;

fn main() {
    let mut a = Struct { member: true };

    a.member = false;
    app(&a);
}

fn app(v: &Struct) {
    let v = v.member;
    println!("{}", v);
}

