---
source: tests/rename_members.rs
expression: err

---


Preloading upgradee ... 
Preloading done

