---
source: tests/utils.rs
expression: file_content
---
use upgradee::Struct;

fn main() {
    let mut a = Struct { member: true };

    a.new_name = false;

    println!("{}", a.member);
}

