---
source: tests/rename_members.rs
expression: out
---

