---
source: tests/utils.rs
expression: file_content
---
use upgradee::Struct;

fn main() {
    let a = Struct {};

    a.print_err();

    app(&a);
}

fn app(v: &Struct) {
    v.print_err();
}

