---
source: tests/rename_structs.rs
expression: err

---


Preloading upgradee ... 
Preloading done

