---
source: tests/rename_variants.rs
expression: err
---
Pre loading upgradee ... done

