---
source: tests/rename_variants.rs
expression: out
---

