---
source: tests/rename_methods_static.rs
expression: err

---


Preloading upgradee ... 
Preloading done

