---
source: tests/rename_method.rs
expression: out
---

