---
source: tests/rename_method_static.rs
expression: err
---
Pre loading upgradee ... done

