---
source: tests/rename_member.rs
expression: out
---

