---
source: tests/rename_methods.rs
expression: err
---
Pre loading upgradee ... done

