---
source: tests/rename_methods_static.rs
expression: out
---

