---
source: tests/rename_variants.rs
expression: err

---


Preloading upgradee ... 
Preloading done

