---
source: tests/rename_method_static.rs
expression: out
---

