---
source: tests/rename_methods.rs
expression: out
---

