---
source: tests/rename_method.rs
expression: err
---
Pre loading upgradee ... done

