---
source: tests/rename_structs.rs
expression: out
---

