---
source: tests/rename_member.rs
expression: err
---
Pre loading upgradee ... done

