---
source: tests/sysroot.rs
expression: out

---

