---
source: tests/sysroot.rs
expression: err

---


Preloading upgradee ... 
Preloading done

